// Jest Snapshot v1, https://goo.gl/fbAQLP

exports[`onPostBuild handles external redirects 1`] = `"<meta http-equiv=\\"refresh\\" content=\\"0; URL='http://example.com/'\\" /><link rel=\\"canonical\\" href=\\"https://example.comhttp://example.com/\\" />"`;

exports[`onPostBuild writes deep path redirects 1`] = `"<meta http-equiv=\\"refresh\\" content=\\"0; URL='/x/y/z/'\\" /><link rel=\\"canonical\\" href=\\"https://example.com/x/y/z/\\" />"`;

exports[`onPostBuild writes redirects from root 1`] = `"<meta http-equiv=\\"refresh\\" content=\\"0; URL='/hello/'\\" /><link rel=\\"canonical\\" href=\\"https://example.com/hello/\\" />"`;

exports[`onPostBuild writes redirects to root 1`] = `"<meta http-equiv=\\"refresh\\" content=\\"0; URL='/'\\" /><link rel=\\"canonical\\" href=\\"https://example.com/\\" />"`;
